// Jest Snapshot v1, https://goo.gl/fbAQLP

exports[`Pruebas en <RegisterScreen /> debe mostrarse correctamente 1`] = `
<section
  className="vh-100 gradient-custom"
>
  <div
    className="container py-5 h-100"
  >
    <div
      className="row d-flex justify-content-center align-items-center h-100"
    >
      <div
        className="col-12 col-md-8 col-lg-6 col-xl-5"
      >
        <div
          className="card card-login bg-dark text-white animate__animated animate__fadeIn animate__fast"
        >
          <div
            className="card-body p-5 text-center"
          >
            <div
              className="mb-md-5 mt-md-4 pb-4"
            >
              <h2
                className="fw-bold mb-2 text-uppercase"
              >
                Registro
              </h2>
              <p
                className="text-white-50 mb-5"
              >
                Por favor creese una cuenta!
              </p>
              <form
                onSubmit={[Function]}
              >
                <div
                  className="form-outline form-white mb-4"
                >
                  <input
                    autoComplete="off"
                    className="form-control form-control-lg"
                    name="rName"
                    onChange={[Function]}
                    placeholder="Nombre"
                    type="text"
                    value=""
                  />
                </div>
                <div
                  className="form-outline form-white mb-4"
                >
                  <input
                    autoComplete="off"
                    className="form-control form-control-lg"
                    name="rEmail"
                    onChange={[Function]}
                    placeholder="Email"
                    type="email"
                    value=""
                  />
                </div>
                <div
                  className="form-outline form-white mb-4"
                >
                  <input
                    autoComplete="off"
                    className="form-control form-control-lg"
                    id="typePasswordX"
                    name="rPassword"
                    onChange={[Function]}
                    placeholder="Contraseña"
                    type="password"
                    value=""
                  />
                </div>
                <div
                  className="form-outline form-white mb-4"
                >
                  <input
                    autoComplete="off"
                    className="form-control form-control-lg"
                    id="typePasswordX2"
                    name="rPassword2"
                    onChange={[Function]}
                    placeholder="Confirmar contraseña"
                    type="password"
                    value=""
                  />
                </div>
                <button
                  className="btn btn-outline-light btn-lg px-5"
                  type="submit"
                >
                  Registrarme
                </button>
              </form>
            </div>
            <div>
              <p
                className="mb-0"
              >
                Ya estas registrado?
                 
                <a
                  className="text-white-50 fw-bold"
                  href="/login"
                  onClick={[Function]}
                >
                  Ingresar
                </a>
              </p>
            </div>
          </div>
        </div>
      </div>
    </div>
  </div>
</section>
`;
